[
  2.4981121214570498e-8,
  0,
  -0,
  0,
  0,
  -5.5469231906736245e-24,
  2.4981121214570498e-8,
  0,
  0,
  2.4981121214570498e-8,
  5.5469231906736245e-24,
  0,
  0.5,
  0.5,
  0,
  1,
]